>>> lazy_matrix_mul = __import__('101-lazy_matrix_mul').lazy_matrix_mul
>>> import numpy as np

>>> print(lazy_matrix_mul(((1,2), (1,2)), ((1,2), (1, 2))))
Traceback (most recent call last):
TypeError: m_a must be a list

>>> lazy_matrix_mul([(1,2), (1,2)], [(1,2), (1, 2)])
Traceback (most recent call last):
TypeError: m_a must be a list of lists

>>> lazy_matrix_mul([], [])
Traceback (most recent call last):
ValueError: m_a can't be empty

>>> lazy_matrix_mul([[1,2], [1, 2]], [[]])
Traceback (most recent call last):
ValueError: m_b can't be empty

>>> lazy_matrix_mul([[1,2], [1, 2]], [["hello", "Beauty"]])
Traceback (most recent call last):
TypeError: m_b should contain only integers or floats

>>> lazy_matrix_mul([[1,2], [1, 2]], [[1, 2, 3], [1, 2]])
Traceback (most recent call last):
TypeError: each row of m_b must should be of the same size

>>> lazy_matrix_mul([[1,2], [2, 3]], [[1, 2], [3, 4], [4, 5]])
Traceback (most recent call last):
ValueError: m_a and m_b can't be multiplied

>>> print(lazy_matrix_mul([[1, 2], [3, 4]], [[1, 2], [3, 4]]))
[[ 7 10]
 [15 22]]
